[0] 교차검증 재실행 (1차와 같아야 함) + 예측 저장
[1] τ_A 고정 피크 탐지
[2] 부트스트랩 분해
[3] 날짜별 부호표 · 비휴무 행 MAE
[5] 게이트 전용 잡음 기준선 (5회)
[6] ERP 결측일 하방 시험
[7] 가정 시나리오 확장
[8] 근본 원인

== τ 고정 ==
ID   기준 τ      τ  TP  FN  FP  Recall  Precision     F1  fold2 τ  fold3 τ  fold4 τ  fold5 τ
 A τ_A 고정 172.23 132  24 123  0.8462     0.5176 0.6423      NaN      NaN      NaN      NaN
 A   자기 τ 172.23 132  24 123  0.8462     0.5176 0.6423   170.99   170.38   173.47    182.8
 R τ_A 고정 172.23 132  24 107  0.8462     0.5523 0.6684      NaN      NaN      NaN      NaN
 R   자기 τ 172.81 130  26 105  0.8333     0.5532 0.6650   170.99   172.15   173.47    182.8
 G τ_A 고정 172.23 132  24 107  0.8462     0.5523 0.6684      NaN      NaN      NaN      NaN
 G   자기 τ 172.81 130  26 105  0.8333     0.5532 0.6650   170.99   172.15   173.47    182.8
RG τ_A 고정 172.23 132  24 107  0.8462     0.5523 0.6684      NaN      NaN      NaN      NaN
RG   자기 τ 172.81 130  26 105  0.8333     0.5532 0.6650   170.99   172.15   173.47    182.8

== 부트스트랩 ==
ID  바뀐 날 수  표본 수  변형이 나은 표본  차이 0 표본  변형이 나쁜 표본  p(1차 방식)
 R       3  2000       1906       94          0     0.094
 G      25  2000       1964        0         36     0.036
RG      25  2000       1964        0         36     0.036

== 부호표 ==
ID         날짜 요일  계획 휴무  바뀐 행  좋아진 행  나빠진 행  Δ오차 합(kWh)
 R 2021-07-31  토   True     8      8      0   -565.1215
 R 2021-08-02  월   True    17     17      0  -2047.4476
 R 2021-08-03  화   True    24     24      0  -2722.4180
 G 2021-07-07  수  False     1      1      0     -5.7042
 G 2021-07-08  목  False     1      0      1      4.1987
 G 2021-07-09  금  False     1      0      1      4.7293
 G 2021-07-10  토  False     2      2      0    -47.8629
 G 2021-07-14  수  False     1      0      1      5.0000
 G 2021-07-16  금  False     1      1      0     -4.0564
 G 2021-07-17  토  False     1      1      0    -55.8230
 G 2021-07-20  화  False     1      0      1      4.0744
 G 2021-07-21  수  False     1      0      1      5.7641
 G 2021-07-24  토  False     1      1      0    -49.1310
 G 2021-07-30  금  False     1      0      1      8.8424
 G 2021-07-31  토   True     9      8      1   -526.6741
 G 2021-08-02  월   True    16     16      0  -2009.1938
 G 2021-08-03  화   True    23     23      0  -2684.1979
 G 2021-08-09  월  False     1      0      1     30.9716
 G 2021-08-10  화  False     1      1      0     -1.7549
 G 2021-08-14  토  False     1      1      0    -56.8494
 G 2021-08-16  월  False     1      0      1     55.4210
 G 2021-08-21  토  False     1      1      0    -25.9019
 G 2021-08-23  월  False     1      0      1     56.6091
 G 2021-08-25  수  False     1      1      0     -7.4162
 G 2021-08-26  목  False     1      1      0     -4.2815
 G 2021-08-27  금  False     1      1      0     -4.3908
 G 2021-08-30  월  False     1      0      1     49.7826
 G 2021-08-31  화  False     1      1      0     -5.4772
RG 2021-07-07  수  False     1      1      0     -5.7042
RG 2021-07-08  목  False     1      0      1      4.1987
RG 2021-07-09  금  False     1      0      1      4.7293
RG 2021-07-10  토  False     2      2      0    -47.8629
RG 2021-07-14  수  False     1      0      1      5.0000
RG 2021-07-16  금  False     1      1      0     -4.0564
RG 2021-07-17  토  False     1      1      0    -55.8230
RG 2021-07-20  화  False     1      0      1      4.0744
RG 2021-07-21  수  False     1      0      1      5.7641
RG 2021-07-24  토  False     1      1      0    -49.1310
RG 2021-07-30  금  False     1      0      1      8.8424
RG 2021-07-31  토   True     8      8      0   -565.1215
RG 2021-08-02  월   True    17     17      0  -2047.4476
RG 2021-08-03  화   True    24     24      0  -2722.4180
RG 2021-08-09  월  False     1      0      1     30.9716
RG 2021-08-10  화  False     1      1      0     -1.7549
RG 2021-08-14  토  False     1      1      0    -56.8494
RG 2021-08-16  월  False     1      0      1     55.4210
RG 2021-08-21  토  False     1      1      0    -25.9019
RG 2021-08-23  월  False     1      0      1     56.6091
RG 2021-08-25  수  False     1      1      0     -7.4162
RG 2021-08-26  목  False     1      1      0     -4.2815
RG 2021-08-27  금  False     1      1      0     -4.3908
RG 2021-08-30  월  False     1      0      1     49.7826
RG 2021-08-31  화  False     1      1      0     -5.4772

== 비휴무 MAE ==
ID        범위  행 수  현행 MAE  변형 MAE       Δ
 R  비휴무 행 전체  930  9.0357  9.0357  0.0000
 R 비휴무 fold2  240  8.3282  8.3282  0.0000
 R 비휴무 fold3  216 11.1121 11.1121  0.0000
 R 비휴무 fold4  192 11.9543 11.9543  0.0000
 R 비휴무 fold5  282  6.0603  6.0603  0.0000
 G  비휴무 행 전체  930  9.0357  8.9892 -0.0465
 G 비휴무 fold2  240  8.3282  7.9305 -0.3977
 G 비휴무 fold3  216 11.1121 10.9522 -0.1598
 G 비휴무 fold4  192 11.9543 12.0991  0.1447
 G 비휴무 fold5  282  6.0603  6.2693  0.2090
RG  비휴무 행 전체  930  9.0357  8.9892 -0.0465
RG 비휴무 fold2  240  8.3282  7.9305 -0.3977
RG 비휴무 fold3  216 11.1121 10.9522 -0.1598
RG 비휴무 fold4  192 11.9543 12.0991  0.1447
RG 비휴무 fold5  282  6.0603  6.2693  0.2090

== 게이트 잡음 ==
  시드  ΔOOF MAE  Δ비휴무 MAE  Δfold2  Δfold3  Δfold4  Δfold5
2000   -0.0068    0.0763 -0.0198 -0.2279  0.2323 -0.0139
2001   -0.0089    0.0289  0.0141 -0.1138  0.0788 -0.0115
2002   -0.0018    0.0386  0.0141 -0.1138  0.1057 -0.0115
2003    0.0027    0.0448  0.0141 -0.0966  0.1057 -0.0115
2004    0.0282    0.0799  0.0141 -0.1138  0.2199 -0.0115

== ERP 결측 하방 ==
ID         날짜   실측 일평균   예측 일평균      MAE  실제 피크 시간(≥θ)  경보 시간(≥τ_A)  적중 경보  08~17시 가동 배정
 A 2021-07-13 136.0833 135.0402  29.9464             4            8      0            10
 A 2021-07-15 135.6667 140.3153  27.3807             5            8      1            10
 R 2021-07-13 136.0833  22.5556 113.5278             4            0      0             0
 R 2021-07-15 135.6667  22.3649 113.3018             5            0      0             0
 G 2021-07-13 136.0833  22.5556 113.5278             4            0      0             0
 G 2021-07-15 135.6667  24.0504 111.6163             5            0      0             0
RG 2021-07-13 136.0833  22.5556 113.5278             4            0      0             0
RG 2021-07-15 135.6667  22.3649 113.3018             5            0      0             0

== 근본원인-예시 ==
        날짜 요일  7일 전 가동    일평균전력  증강 불일치  학습 레짐(일평균 기준)
2021-01-01  금    False  46.2500   False              1
2021-01-05  화    False  21.9167   False              0
2021-01-06  수    False  21.9167   False              0
2021-01-12  화    False  21.9167   False              0
2021-01-13  수    False  21.9167   False              0
2021-01-19  화    False  21.9167   False              0
2021-01-20  수    False  21.9167   False              0
2021-01-26  화    False  21.9167   False              0
2021-01-27  수    False  21.9167   False              0
2021-02-11  목     True 127.3333    True              2
2021-02-12  금     True  47.3333   False              1
2021-03-01  월     True 128.9583    True              2
2021-03-05  금     True  21.9167   False              0
2021-03-12  금    False  21.9167   False              0
2021-03-19  금    False  21.9167   False              0
2021-03-26  금    False  21.9167   False              0
2021-03-31  수     True  21.9167   False              0

== 근본원인-재학습 ==
           학습  제외된 학습 행         날짜  08~17시 가동 배정   그날 MAE
        현행 학습         0 2021-07-31             0  24.5780
        현행 학습         0 2021-08-02            10  86.0900
        현행 학습         0 2021-08-03            10 114.2620
증강 불일치일 제외 학습       216 2021-07-31             0   1.1795
증강 불일치일 제외 학습       216 2021-08-02             0   0.7848
증강 불일치일 제외 학습       216 2021-08-03             0   0.8187

== 가정 시나리오 확장 (요약) ==
                                        08~17시 가동 배정           경보 시간(≥τ_A)           예측 일평균            
ID                                                 A    G    R           A    G    R      A     G     R
시나리오                  날짜         휴무 n일차                                                                
단일 평일 휴무              2021-09-01 1               0.0  0.0  0.0         0.0  0.0  0.0   42.0  21.5  21.5
                      2021-09-02 1               0.0  0.0  0.0         0.0  0.0  0.0   39.9  21.6  21.6
                      2021-09-03 1               0.0  0.0  0.0         0.0  0.0  0.0   59.7  21.8  21.8
                      2021-09-06 2              10.0  0.0  0.0         8.0  0.0  0.0  108.9  22.4  22.4
                      2021-09-07 1              10.0  0.0  0.0         8.0  0.0  0.0  131.3  22.5  22.5
                      2021-09-08 1               8.0  0.0  0.0         6.0  0.0  0.0  121.3  22.3  22.3
                      2021-09-09 1              10.0  0.0  0.0         6.0  0.0  0.0  134.8  22.1  22.1
                      2021-09-10 1               3.0  0.0  0.0         1.0  0.0  0.0   80.7  22.1  22.1
                      2021-09-13 2              10.0  0.0  0.0         7.0  0.0  0.0  107.5  22.4  22.4
                      2021-09-14 1              10.0  0.0  0.0         8.0  0.0  0.0  135.2  22.3  22.3
단일 평일 휴무 + 공휴일 표시     2021-09-01 1               0.0  0.0  0.0         0.0  0.0  0.0   41.9  21.5  21.5
                      2021-09-02 1               0.0  0.0  0.0         0.0  0.0  0.0   32.4  21.6  21.6
                      2021-09-03 1               0.0  0.0  0.0         0.0  0.0  0.0   51.0  21.8  21.8
                      2021-09-06 2              10.0  0.0  0.0         8.0  0.0  0.0  108.4  22.4  22.4
                      2021-09-07 1              10.0  0.0  0.0         7.0  0.0  0.0  130.8  22.6  22.6
                      2021-09-08 1               3.0  0.0  0.0         0.0  0.0  0.0   90.6  22.3  22.3
                      2021-09-09 1              10.0  0.0  0.0         4.0  0.0  0.0  134.6  22.1  22.1
                      2021-09-10 1               2.0  0.0  0.0         0.0  0.0  0.0   71.0  22.1  22.1
                      2021-09-13 2              10.0  0.0  0.0         7.0  0.0  0.0  106.5  22.4  22.4
                      2021-09-14 1              10.0  0.0  0.0         8.0  0.0  0.0  134.1  22.3  22.3
연속 3일 휴무(추석형, 공휴일 표시) 2021-09-06 2              10.0  0.0  0.0         8.0  0.0  0.0  108.4  22.4  22.4
                      2021-09-07 3               0.0  0.0  0.0         0.0  0.0  0.0   23.4  21.9  21.9
                      2021-09-08 4               0.0  0.0  0.0         0.0  0.0  0.0   21.1  21.1  21.1

[완료] 253.0s
exit=0
