평일 공휴일 검사 대상: ['02-12']
          사례         날짜 요일    방식  실측 일평균  예측 일평균    MAE        레짐 분포  실제 피크 시간  경보 시간(≥τ_A)  적중 경보
    문제일(OOF) 2021-07-31  토     A   21.54   46.02  24.58 0:16 1:2 2:6         0            0      0
    문제일(OOF) 2021-08-02  월     A   21.46  107.39  86.09 0:7 1:1 2:16         0            8      0
    문제일(OOF) 2021-08-03  화     A   21.62  135.89 114.26     1:1 2:23         0            8      0
    문제일(OOF) 2021-07-31  토     R   21.54   22.36   1.03         0:24         0            0      0
    문제일(OOF) 2021-08-02  월     R   21.46   21.84   0.78         0:24         0            0      0
    문제일(OOF) 2021-08-03  화     R   21.62   21.88   0.83         0:24         0            0      0
    문제일(OOF) 2021-07-31  토 Rsoft   21.54   25.74   4.35     0:22 1:2         0            0      0
    문제일(OOF) 2021-08-02  월 Rsoft   21.46   23.43   2.37     0:23 1:1         0            0      0
    문제일(OOF) 2021-08-03  화 Rsoft   21.62   24.98   3.93     0:22 1:2         0            0      0
평일 공휴일(학습 내) 2021-02-12  금     A   47.33   48.81   2.33 0:16 1:1 2:7         0            0      0
평일 공휴일(학습 내) 2021-02-12  금     R   47.33   23.36  24.19         0:24         0            0      0
평일 공휴일(학습 내) 2021-02-12  금 Rsoft   47.33   25.10  22.45     0:23 1:1         0            0      0
  ERP 결측 가동일 2021-07-13  화     A  136.08  135.04  29.95     1:1 2:23         4            8      0
  ERP 결측 가동일 2021-07-15  목     A  135.67  140.32  27.38         2:24         5            8      1
  ERP 결측 가동일 2021-07-13  화     R  136.08   22.56 113.53         0:24         4            0      0
  ERP 결측 가동일 2021-07-15  목     R  135.67   22.36 113.30         0:24         5            0      0
  ERP 결측 가동일 2021-07-13  화 Rsoft  136.08   34.55 101.53     0:17 1:7         4            0      0
  ERP 결측 가동일 2021-07-15  목 Rsoft  135.67   22.36 113.30         0:24         5            0      0
