[D] 증강 불일치일 9일: 01-10, 01-24, 02-11, 03-01, 03-07, 03-14, 03-21, 03-28, 05-09
  OOF MAE A              11.0067
  OOF MAE D              7.0204
  D2 OOF MAE A           13.0278
  D2 OOF MAE D           7.9163
  비휴무 MAE A              9.0357
  비휴무 MAE D              9.2766
  문제 3일 MAE A            74.9767
  문제 3일 MAE D            0.9277
  문제 3일 제외 MAE A         7.1907
  문제 3일 제외 MAE D         7.3838
  fold2 A                7.0791
  fold2 D                7.4654
  비휴무 fold2 Δ            0.4499
  fold3 A                23.4365
  fold3 D                7.7041
  비휴무 fold3 Δ            0.2147
  fold4 A                7.1612
  fold4 D                7.2773
  비휴무 fold4 Δ            0.1877
  fold5 A                5.5106
  fold5 D                5.6277
  비휴무 fold5 Δ            0.1192
  D τ_A 고정 TP            130
  D τ_A 고정 FN            26
  D τ_A 고정 FP            107
  D τ_A 고정 F1            0.6616
  D 자기 τ TP              138
  D 자기 τ FN              18
  D 자기 τ FP              120
  D 자기 τ F1              0.6667
  ΔMAE(D−A)              -3.9863
  ΔMAE CI 하한             -9.6386
  ΔMAE CI 상한             0.1682
  p                      0.1000
  바뀐 날                   54
  좋아진 날                  24
  나빠진 날                  30
  나빠진 날 최대(kWh)          120.3245

== 가장 나빠진 날 (D − A, kWh) ==
datetime
2021-07-24    120.32
2021-08-09     89.84
2021-08-13     53.20
2021-08-23     41.24
2021-07-14     33.49

== ERP 결측 하방 ==
ID         날짜  실측 일평균  예측 일평균     MAE  실제 피크 시간  경보 시간(≥τ_A)  적중 경보
 A 2021-07-13 136.083 135.040  29.946         4            8      0
 A 2021-07-15 135.667 140.315  27.381         5            8      1
 D 2021-07-13 136.083  21.921 114.162         4            0      0
 D 2021-07-15 135.667  22.052 113.615         5            0      0

== 테스트 (보고만) ==
ID  테스트 MAE  TP(τ_A)  FN(τ_A)  FP(τ_A)  F1(τ_A)
 A   5.2199       26        2       45   0.5253
 D   5.3548       26        2       44   0.5306

== 가정 시나리오 ==
           예측 일평균       경보 시간(≥τ_A)   
ID              A     D           A  D
날짜                                    
2021-09-01   42.0  21.8           0  0
2021-09-02   39.9  21.5           0  0
2021-09-03   59.7  21.6           0  0
2021-09-06  108.9  22.2           8  0
2021-09-07  131.3  22.4           8  0
2021-09-08  121.3  22.5           6  0
2021-09-09  134.8  22.2           6  0
2021-09-10   80.7  22.5           1  0
2021-09-13  107.5  22.3           7  0
2021-09-14  135.2  22.3           8  0

[완료] 99s
exit=0
