[준비] s00~s03 12.0s
[1] 교차검증(D1)
  [D1] A   현행               OOF MAE 11.0067 (20s)
  [D1] R   계획 휴무 강제         OOF MAE 6.8354 (20s)
  [D1] G   게이트 입력 제한(22개)   OOF MAE 6.8915 (19s)
  [D1] RG  R + G            OOF MAE 6.8016 (19s)
  재현 확인 OK · R 이 바꾼 행 49개 (모두 계획 휴무일)
[2] D2 (⑥)
  [D2] A   현행               OOF MAE 13.0278 (16s)
  [D2] R   계획 휴무 강제         OOF MAE 7.5468 (15s)
  [D2] G   게이트 입력 제한(22개)   OOF MAE 6.9218 (15s)
  [D2] RG  R + G            OOF MAE 5.9948 (15s)
  기준 통과: 없음 → 채택: None
[3] 테스트 영향 (판정에 쓰지 않음)
[4] 평일 계획 휴무 가정 시나리오

== OOF 판정 ==
ID  OOF MAE  ΔOOF MAE  ΔMAE CI 하한  ΔMAE CI 상한  Δfold2  Δfold5  Δ정상일 MAE  ΔRecall  ΔPeak-MAE  Δ이틀 제외 MAE  ΔD2 OOF MAE 모두 통과
 A   11.007       NaN         NaN         NaN     NaN     NaN       NaN      NaN        NaN         NaN        0.000   NaN
 R    6.835    -4.171      -9.945      -0.000   0.000   0.000     0.000   -0.013        0.0      -0.459       -5.481 False
 G    6.891    -4.115      -9.805      -0.049  -0.331   0.185    -0.016   -0.013        0.0      -0.463       -6.106 False
RG    6.802    -4.205      -9.983      -0.049  -0.331   0.185    -0.016   -0.013        0.0      -0.494       -7.033 False

== 테스트 영향 ==
ID            수정안  τ(자기 OOF)  테스트 MAE  테스트 Peak-MAE  Recall  Precision     F1  TP  FP  FN  A와 다른 예측 행 수
 A             현행     172.23   5.2199         14.78  0.9286     0.3662 0.5253  26  45   2             0
 R       계획 휴무 강제     172.81   5.2199         14.78  0.9286     0.3714 0.5306  26  44   2             0
 G 게이트 입력 제한(22개)     172.81   5.2200         14.78  0.9286     0.3714 0.5306  26  44   2             5
RG          R + G     172.81   5.2200         14.78  0.9286     0.3714 0.5306  26  44   2             5

== 가정 시나리오 ==
        날짜 요일  실제 일평균(가동일)  A 예측 일평균  A 08~17시 평균  A 08~17시 가동 배정  R 예측 일평균  R 08~17시 평균  R 08~17시 가동 배정  G 예측 일평균  G 08~17시 평균  G 08~17시 가동 배정  RG 예측 일평균  RG 08~17시 평균  RG 08~17시 가동 배정
2021-09-01  수        139.3      42.0         21.3               0      21.5         21.3               0      21.5         21.3               0       21.5          21.3                0
2021-09-02  목        139.8      39.9         21.5               0      21.6         21.5               0      21.6         21.5               0       21.6          21.5                0
2021-09-03  금        132.4      59.7         21.6               0      21.8         21.6               0      21.8         21.6               0       21.8          21.6                0
2021-09-06  월        103.8     108.9        162.6              10      22.4         22.6               0      22.4         22.6               0       22.4          22.6                0
2021-09-07  화        136.7     131.3        156.5              10      22.5         22.7               0      22.5         22.7               0       22.5          22.7                0
2021-09-08  수        128.2     121.3        129.7               8      22.3         22.0               0      22.3         22.0               0       22.3          22.0                0
2021-09-09  목        133.9     134.8        158.4              10      22.1         22.1               0      22.1         22.1               0       22.1          22.1                0
2021-09-10  금        134.2      80.7         58.7               3      22.1         21.9               0      22.1         21.9               0       22.1          21.9                0
2021-09-13  월        111.0     107.5        161.7              10      22.4         22.5               0      22.4         22.5               0       22.4          22.5                0
2021-09-14  화        132.6     135.2        161.0              10      22.3         22.3               0      22.3         22.3               0       22.3          22.3                0

[완료] 195.0s · 채택 None
exit=0
