==============================================================
실행 환경
==============================================================
  python         3.11.9
  numpy          2.3.5
  pandas         3.0.5
  matplotlib     3.11.1
  scikit-learn   1.9.1
  lightgbm       4.7.0
  optuna         5.0.0
  shap           0.51.0
  scipy          1.17.1
  statsmodels    0.14.6
  tensorflow     2.21.0
  한글폰트           Malgun Gothic
  시드             42
  FAST 모드        False  (테스트=True, 본실행=False)
==============================================================
원자료: 6,168행 × 18열
기간   : 20210101 ~ 20210914  (257일)
          변수    구분              단위                         값역   고유값  결측                                의미
0         날짜  시간정보     YYYYMMDD 정수  2.02101e+07 ~ 2.02109e+07   257   0                             관측 일자
1         시간  시간정보         0~23 정수                    0 ~ 188    60   0     관측 시각(7/13·7/15는 손상되어 70~188)
2        15분  전력정보              kW                    0 ~ 207   166   0             해당 시간 1번째 15분 구간 최대수요
3        30분  전력정보              kW                    0 ~ 222   185   0             해당 시간 2번째 15분 구간 최대수요
4        45분  전력정보              kW                    0 ~ 218   187   0             해당 시간 3번째 15분 구간 최대수요
5        60분  전력정보              kW                    0 ~ 214   183   0             해당 시간 4번째 15분 구간 최대수요
6         평균  전력정보              kW                    0 ~ 208   176   0        시간별 평균전력 = round(4개 구간 평균)
7        생산량  생산정보       개(정수 카운트)                   0 ~ 9830  1637   0                   ERP 등록 생산 실적/계획
8         기온  기상정보              °C                 -12 ~ 33.4   439   0                             외기 온도
9         풍속  기상정보             m/s                    0 ~ 7.6    70   3                                풍속
10        습도  기상정보               %                     8 ~ 98    90   0                              상대습도
11       강수량  기상정보              mm                  0 ~ 122.4   244   1                            시간 강수량
12  전기요금(계절)  비용정보           원/kWh              109.8 ~ 191.6     3   0                      계절별 전력량 요금단가
13       day  시간정보          1~7 정수                      1 ~ 7     7   0      요일 코드(파생변수와 중복 → 모델 입력에서 제외)
14         d  시간정보         1~31 정수                     1 ~ 31    31   0                  일(파생변수와 중복 → 제외)
15         m  시간정보         1~12 정수                      1 ~ 9     9   0                  월(파생변수와 중복 → 제외)
16      공장인원  생산정보   0~48.39 연속 실수                0 ~ 48.3864  3432  17           **인원수가 아님** — 정규화 투입 공수
17       인건비  비용정보  교대 배수(1.0/1.5)                    1 ~ 1.5     2   0  **금액이 아님** — 9~17시만 1.0, 그 외 1.5
    기준                점검항목                    발견 내용               처리 방향
0  완전성                 결측치  풍속 3건, 강수량 1건, 공장인원 17건               보간 처리
1  유일성          (날짜,시간) 중복                       5건         시간값 복원으로 해소
2  유일성           행 단위 완전중복                       0건                  없음
3  유일성     24시간 전력 프로파일 복제                별도 진단(아래)           학습 설계에 반영
4  유효성           시간값 범위 이탈             48건 (70~188)     행 순서 기준 0~23 복원
5  일관성  평균 = round(4구간 평균)                100.0% 일치               산식 확인
6  정확성    평균전력 0 (계측정지 의심)                      17건  보간 + is_outage 플래그
7  무결성       전력-생산-달력 상호정합            ERP측 결측 별도 진단  is_erp_missing 플래그
── 24시간 전력 프로파일 복제 진단 ──
  고유 프로파일 : 142 / 257일
  중복 그룹     : 45개
  잉여(복제)일  : 115일 = 전체의 44.7%
  행 단위 완전중복 : 0건  ← duplicated()로는 안 잡힌다
   그룹  일수  잉여(복제)일  기온_최저  기온_최고                                               날짜목록
0   1  15       14   -3.4   19.2  20210105, 20210106, 20210112, 20210113, 202101...
1   2   7        6   -0.2   22.2  20210102, 20210205, 20210306, 20210313, 202103...
2   3   6        5    7.1   21.2  20210206, 20210212, 20210213, 20210220, 202102...
3   4   6        5   10.6   17.4  20210412, 20210413, 20210414, 20210415, 202104...
4   5   5        4    9.1   23.1   20210207, 20210214, 20210221, 20210228, 20210613
5   6   5        4   15.8   19.0   20210421, 20210422, 20210423, 20210430, 20210525
6   7   4        3    1.0   20.9             20210104, 20210204, 20210304, 20210604
7   8   4        3   -8.8   24.1             20210108, 20210208, 20210308, 20210608

── 행 순서 보존 검증 (기온 기반 독립 검증) ──
  전체 256개 날짜경계 기온점프: 중앙값 0.4°C, 90분위 1.1°C
         날짜  직전일_경계점프  직후일_경계점프  기온최저_행위치  기온최고_행위치      판정
0  20210713       0.2       0.0         4        14  정상 일주기
1  20210715       0.7       1.0         4        13  정상 일주기
── 정비 결과 ──
          항목   건수                                    처리
0   센서측 계측정지   17                전력 컬럼 시간보간 + is_outage
1    ERP측 결측   48          is_erp_missing (평가·학습 모두 제외)
2  증강 채널 불일치  216  is_aug_inconsistent (휴무로 분류, 한계로 기재)
3     강수량 결측    1                          0 으로 대체(무강수)
4      풍속 결측    3                                 시간 보간
5    공장인원 결측   17                                 시간 보간
  (날짜,시간) 중복      : 0건
  시간값 0~23 비율      : 100.0%
  결측 총계             : 0건
  무결성 평균=round(m4) : 100.0%
  is_outage             : 17행
  is_erp_missing        : 48행
── 가동 캘린더 (257일) ──
  휴무일 : 62일
  가동일 : 195일
  재가동일: 44일

── 가이드북 공휴일 리스트 검증 (평일 중앙값 127.4 kW) ──
           날짜 요일  일평균전력 평일중앙값대비   일생산량  증강불일치                   판정
0  2021-01-01  금   46.2     36%      0  False                휴일 확인
1  2021-02-11  목  127.3    100%      0   True  휴일 맞음 (전력만 증강 덮어쓰기)
2  2021-02-12  금   47.3     37%      0  False                휴일 확인
3  2021-03-01  월  129.0    101%      0   True  휴일 맞음 (전력만 증강 덮어쓰기)
4  2021-05-05  수   45.8     36%   2190  False        가동일 (리스트 오표기)
5  2021-05-19  수   42.1     33%   2990  False        가동일 (리스트 오표기)
6  2021-08-16  월   91.5     72%  10238  False        가동일 (리스트 오표기)
── 장기 연속 휴무 (3일 이상) ──
           시작          종료  일수  법정공휴일포함
0  2021-01-01  2021-01-03   3     True
1  2021-02-11  2021-02-14   4     True
2  2021-07-31  2021-08-08   9    False
── 요일별 평균전력 ──
요일        월      화      수      목      금     토     일
평균전력  113.3  115.6  107.5  123.0  103.2  51.3  41.6
── 시간대별 피크율 상위 5 ──
    피크건수  시간수   피크율
시간                 
8     63  257  24.5
9     46  257  17.9
11    46  257  17.9
13    44  257  17.1
10    39  257  15.2
── 월별 최대 peak15 ──
datetime      1      2      3      4      5      6      7      8      9
최대peak15  222.0  198.0  222.0  199.0  199.0  222.0  222.0  218.0  204.0
평균peak15   89.7   98.5  107.5  102.7   93.3  110.9  111.8   88.2  110.1

── 야간(19시+) 피크 7건의 귀속 ──
                    시각  peak15  is_erp_missing
0  2021-07-13 19:00:00     187            True
1  2021-07-13 20:00:00     189            True
2  2021-07-13 22:00:00     187            True
3  2021-07-13 23:00:00     190            True
4  2021-07-15 21:00:00     190            True
5  2021-07-15 22:00:00     202            True
6  2021-07-15 23:00:00     193            True
  ERP 결측일 귀속 비율: 100%  ← 정상 가동일 야간 피크 0건

  생산량 0 비율 43.1% | 평균전력<30 비율 33.2% | corr(생산량,전력) 0.518 | corr(기온,전력) 0.054
── 피크 정의 대조 ──
                           정의  상위5%(q95)  상위1%(q99)  최대값            보고서 일치
0  peak15 = max(15,30,45,60분)      187.0      201.0  222  ✅ 187/201/222 재현
1                      15분 단독      173.4      188.0  207             ❌ 불일치

  θ (피크 정의 임계값) = 187  ← 전 fold·테스트 고정
  학습구간 양성률       = 5.08%
  테스트구간 양성 건수  = 28건

  전체 최대 peak15 = 222 kW, 도달 4건
    - 2021-01-29 08시
    - 2021-03-29 08시
    - 2021-06-29 08시
    - 2021-07-19 11시
── 게이트 1 통과 ──
                      점검    통과
0          (날짜,시간) 중복 0건  True
1          시간값 0~23 100%  True
2                  결측 0건  True
3  무결성 평균=round(m4) 100%  True
4               행 수 6168  True
5               θ 고정값 확인  True
피처 총 44개 / 6개 군
    피처군  변수 수                                              주요 변수
0  과거전력     6  평균전력 24시간 전, 평균전력 48시간 전, 평균전력 168시간 전, peak15...
1  이동통계    10  직전24h 평균전력 평균, 직전24h 평균전력 최대, 직전24h 평균전력 표준편차,...
2  시간정보    10                                   시간, 요일, 월, 토요일 …
3  공정상태     8                  주간(9~17시), 08시 기동, 13시 재가동, 휴무일 …
4  생산정보     4         계획생산량, 공장인원(정규화 공수), 생산량 전일대비 변화율, 일 누적생산량
5  기상정보     6                                  기온, 습도, 풍속, 강수량 …

제외한 원본 중복 컬럼: ['day', 'd', 'm'] (요일·일·월로 재생성)
워밍업 탈락 행: 168행 (2.7%) — 168시간 창 미충족
실제 학습 가능 구간 시작: 2021-01-08 00:00:00
── (A) 관측완료 시각 검사 ──
                    피처 최악 관측완료시각(원점대비)  판정
0                lag24              0h  안전
1                lag48            -24h  안전
2               lag168           -144h  안전
3   roll24 (원점 브로드캐스트)              0h  안전
4  roll168 (원점 브로드캐스트)              0h  안전

── (B) 미래맹검 동등성 검사 (12개 대상일) ──
           대상일    일치 불일치 피처
0   2021-01-09  True      -
1   2021-01-31  True      -
2   2021-02-23  True      -
3   2021-03-17  True      -
4   2021-04-09  True      -
5   2021-05-01  True      -
6   2021-05-24  True      -
7   2021-06-15  True      -
8   2021-07-08  True      -
9   2021-07-30  True      -
10  2021-08-22  True      -
11  2021-09-14  True      -

── 게이트 2 통과 ──
                  점검    통과
0    (A) 관측완료시각 ≤ 원점  True
1  (B) 미래맹검 동등성 100%  True
2   대상시각 전력이 피처에 미포함  True
3        원본 중복 컬럼 제외  True
── 데이터 조건 2축 ──
   조건              정의   일수   시간수
0  D1      복제 유지 (원형)  257  6168
1  D2  복제 제거 (그룹당 1일)  142  3408
── 복제 오염 검사 ──
   fold  검증일수  오염일수   오염률  상태
0     1    14     7  50.0  폐기
1     2    14     0   0.0  사용
2     3    14     0   0.0  사용
3     4    14     0   0.0  사용
4     5    14     0   0.0  사용
5  TEST    14     0   0.0  사용

── fold 구성 ──
   fold        학습종료                     검증구간  학습 n  검증 n 휴무비중  검증 양성수  검증 양성률  학습구간 q95          상태
0     1  2021-06-21  2021-06-23 ~ 2021-07-06  4128   336  14%      20   5.95%     182.0  폐기(오염 50%)
1     2  2021-07-05  2021-07-07 ~ 2021-07-20  4464   336  14%      48  14.29%     182.0          사용
2     3  2021-07-19  2021-07-21 ~ 2021-08-03  4800   336  36%      58  17.26%     184.0          사용
3     4  2021-08-02  2021-08-04 ~ 2021-08-17  5136   336  43%      34  10.12%     186.0          사용
4     5  2021-08-16  2021-08-18 ~ 2021-08-31  5472   336  14%      25   7.44%     186.0          사용

  fold별 학습구간 q95 = [182.0, 182.0, 184.0, 186.0, 186.0]  →  어느 fold에서도 θ=187이 나오지 않는다 (θ 고정이 필수)

── 게이트 3 통과 ──
                        점검    통과
0         사용 fold 복제 오염 0%  True
1          테스트 구간 복제 오염 0%  True
2  fold1 오염이 실제로 높음(폐기 근거)  True
3             사용 fold 수 4개  True
── 달력규칙 기준선 (테스트 336h) ──
  Recall 1.000 | Precision 0.255 | F1 0.406
  TP 28 / FN 0 / FP 82 / TN 226
  → 제안모델의 기여는 Recall 향상이 아니라 **동일 Recall에서 FP 감소**로 측정해야 한다.

  테스트 피크 28건 = 8개 날짜 · 16개 연속블록
  Recall 0.357 기준 Clopper-Pearson 95% CI 폭 = 0.37  → 두 모델을 테스트만으로는 구분할 수 없다
── fold × 데이터조건 표본수 ──
      학습 n       검증 n      검증 양성    
조건      D1    D2   D1   D2    D1  D2
fold                                
2     4296  1584  288  288    39  39
3     4584  1872  336  312    58  49
4     4920  2184  336  336    34  34
5     5256  2520  319  319    25  25

  테스트 학습 n = 5599 / 테스트 n = 336 (336 고정)
  OOF 양성 합계 (fold2~5, D1) = 156건
[준비] s00~s03 실행 6.7s
[설정] 피처 44개, fold (2, 3, 4, 5), 트리 800
[1] 기준·피처군 제거
  [D1] A                      MAE 11.0067  (12.0s)
  [D1] G-과거전력                 MAE  7.8757  (10.2s)
  [D1] G-이동통계                 MAE 10.5970  (10.3s)
  [D1] G-시간정보                 MAE 11.6800  (11.2s)
  [D1] G-공정상태                 MAE 11.1579  (11.4s)
  [D1] G-생산정보                 MAE 12.1834  (10.4s)
  [D1] G-기상정보                 MAE 10.9854  (10.6s)
                        항목     이번 실행  커밋된 FULL   일치
                기준 OOF MAE 11.006654   11.0067 True
               기준 Peak-MAE 23.872763   23.8728 True
                 기준 Recall  0.846154    0.8462 True
              기준 fold 표준편차  8.460604    8.4606 True
   Ablation 과거 전력 지연변수 MAE  7.875745    7.8760 True
Ablation 과거 전력 지연변수 Recall  0.858974    0.8590 True
     Ablation 생산량·공장인원 MAE 12.183439   12.1830 True
  Ablation 생산량·공장인원 Recall  0.846154    0.8462 True
      Ablation 공정상태 변수 MAE 11.157870   11.1580 True
   Ablation 공정상태 변수 Recall  0.814103    0.8141 True
         Ablation 기상정보 MAE 10.985441   10.9850 True
      Ablation 기상정보 Recall  0.852564    0.8526 True
[3] 지연 세분·조합·휴무 인지형
  [D1] L24                    MAE 10.4359  (11.5s)
  [D1] L48                    MAE  7.5596  (11.7s)
  [D1] L168                   MAE 10.2371  (11.7s)
  [D1] B+W                    MAE  8.3929  ( 9.2s)
  [D1] SA-all                 MAE 10.1059  (12.3s)
  [D1] SA-168                 MAE 12.4399  (12.3s)
[4] 잡음 기준선 (순수 잡음 피처 1개 추가)
  [D1] NULL-0                 MAE 11.0262  (12.1s)
  [D1] NULL-1                 MAE 11.0426  (12.1s)
  [D1] NULL-2                 MAE 10.9258  (12.0s)
  [D1] NULL-3                 MAE 10.9489  (12.0s)
  [D1] NULL-4                 MAE 10.8064  (12.0s)
[5] LOFO 44회
  [D1] LOFO-y_avg_lag24       MAE 10.8928  (11.3s)
  [D1] LOFO-y_avg_lag48       MAE 10.7564  (11.5s)
  [D1] LOFO-y_avg_lag168      MAE 11.0121  (11.6s)
  [D1] LOFO-y_peak_lag24      MAE 10.7845  (11.5s)
  [D1] LOFO-y_peak_lag48      MAE 10.9505  (11.6s)
  [D1] LOFO-y_peak_lag168     MAE 10.9351  (11.7s)
  [D1] LOFO-roll24_avg_mean   MAE 11.0433  (12.0s)
  [D1] LOFO-roll24_avg_max    MAE 10.9064  (11.9s)
  [D1] LOFO-roll24_avg_std    MAE 10.7002  (11.7s)
  [D1] LOFO-roll24_peak_max   MAE 10.9704  (11.9s)
  [D1] LOFO-roll24_peak_cnt   MAE 10.9681  (11.8s)
  [D1] LOFO-roll168_avg_mean  MAE 11.1815  (11.3s)
  [D1] LOFO-roll168_avg_max   MAE 15.7501  (11.5s)
  [D1] LOFO-roll168_avg_std   MAE 10.8156  (11.5s)
  [D1] LOFO-roll168_peak_max  MAE 11.0291  (11.5s)
  [D1] LOFO-roll168_peak_cnt  MAE 10.9311  (11.6s)
  [D1] LOFO-hour              MAE 11.0733  (11.7s)
  [D1] LOFO-dow               MAE 10.8823  (11.8s)
  [D1] LOFO-month             MAE 10.9451  (11.5s)
  [D1] LOFO-is_sat            MAE 10.9829  (11.8s)
  [D1] LOFO-is_sun            MAE 11.0067  (11.7s)
  [D1] LOFO-is_holiday        MAE 11.0098  (11.8s)
  [D1] LOFO-hour_sin          MAE 10.8085  (11.8s)
  [D1] LOFO-hour_cos          MAE 11.1926  (11.7s)
  [D1] LOFO-dow_sin           MAE 10.9375  (11.9s)
  [D1] LOFO-dow_cos           MAE 10.9690  (11.7s)
  [D1] LOFO-is_daytime        MAE 11.0118  (11.4s)
  [D1] LOFO-is_startup_08     MAE 10.8764  (11.7s)
  [D1] LOFO-is_restart_13     MAE 11.0545  (11.5s)
  [D1] LOFO-is_shutdown       MAE 11.0067  (11.7s)
  [D1] LOFO-shutdown_nth      MAE 11.0683  (11.6s)
  [D1] LOFO-is_first_day_back MAE 10.9940  (11.9s)
  [D1] LOFO-prev_day_shutdown MAE 10.9705  (11.8s)
  [D1] LOFO-is_state_switch   MAE 10.8477  (11.8s)
  [D1] LOFO-prod              MAE 11.2948  (11.5s)
  [D1] LOFO-headcount         MAE 11.1829  (11.7s)
  [D1] LOFO-prod_chg_ratio    MAE 10.9928  (11.7s)
  [D1] LOFO-prod_cum_day      MAE 11.4632  (11.9s)
  [D1] LOFO-temp              MAE 10.8448  (11.5s)
  [D1] LOFO-humid             MAE 10.8380  (11.6s)
  [D1] LOFO-wind              MAE 10.7820  (11.8s)
  [D1] LOFO-rain              MAE 10.9223  (11.7s)
  [D1] LOFO-cdd               MAE 11.0162  (11.6s)
  [D1] LOFO-hdd               MAE 10.9725  (11.3s)
[판정] 잡음 폭 MAE 0.2003 / Peak-MAE 0.9618
[6] D2 강건성
  [D2] A                      MAE 13.0278  ( 9.2s)
  [D2] G-과거전력                 MAE  9.8193  ( 8.1s)
  [D2] L168                   MAE 12.7081  ( 8.7s)
  [D2] B+W                    MAE 12.4541  ( 7.2s)
  [D2] SA-all                 MAE 11.7877  ( 9.2s)
  [D2] SA-168                 MAE 13.1073  ( 9.2s)
  [D2] LOFO-y_avg_lag48       MAE 12.8148  ( 9.0s)
  [D2] LOFO-y_peak_lag24      MAE 13.5219  ( 9.0s)
  [D2] LOFO-wind              MAE 12.8204  ( 9.0s)
[완료] 808.7s — 결과: experiment/results/
exit=0
